// Jest Snapshot v1, https://goo.gl/fbAQLP

exports[`<App /> matches render snapshot 1`] = `
Array [
  <div>
    <h1>
      Header
    </h1>
  </div>,
  <div>
    <h1>
      Footer
    </h1>
  </div>,
]
`;
